// Jest Snapshot v1, https://goo.gl/fbAQLP

exports[`App snapshot renders 1`] = `
<div>
  <h1>
    
  </h1>
  <div>
    <p>
      0
    </p>
    <input
      type="text"
    />
  </div>
  <button
    onClick={[Function]}
    type="button"
  >
    Increment
  </button>
  <button
    onClick={[Function]}
    type="button"
  >
    Decrement
  </button>
  <h2>
    My Async Data
  </h2>
  <ul />
</div>
`;

exports[`Counter snapshot renders 1`] = `
<div>
  <p>
    1
  </p>
  <input
    type="text"
  />
</div>
`;
